// Validating benchmarks:
// ***** BenchmarkRunner: Start   *****
// ***** Found 7 benchmark(s) in total *****
// ***** Building 1 exe(s) in Parallel: Start   *****
// start dotnet  restore /p:UseSharedCompilation=false /p:BuildInParallel=false /m:1 /p:Deterministic=true /p:Optimize=true /p:IntermediateOutputPath="E:\Temporal-V2\VELOCITY-WorkFlow\benchmarks\Velocity.Workflow.Benchmarks\bin\Release\net10.0\fcf29fc3-5ade-4df1-9e1c-4d14a826da9d\obj\Release\net10.0/" /p:OutDir="E:\Temporal-V2\VELOCITY-WorkFlow\benchmarks\Velocity.Workflow.Benchmarks\bin\Release\net10.0\fcf29fc3-5ade-4df1-9e1c-4d14a826da9d\bin\Release\net10.0/" /p:OutputPath="E:\Temporal-V2\VELOCITY-WorkFlow\benchmarks\Velocity.Workflow.Benchmarks\bin\Release\net10.0\fcf29fc3-5ade-4df1-9e1c-4d14a826da9d\bin\Release\net10.0/" in E:\Temporal-V2\VELOCITY-WorkFlow\benchmarks\Velocity.Workflow.Benchmarks\bin\Release\net10.0\fcf29fc3-5ade-4df1-9e1c-4d14a826da9d
// command took 4.78 sec and exited with 0
// start dotnet  build -c Release --no-restore /p:UseSharedCompilation=false /p:BuildInParallel=false /m:1 /p:Deterministic=true /p:Optimize=true /p:IntermediateOutputPath="E:\Temporal-V2\VELOCITY-WorkFlow\benchmarks\Velocity.Workflow.Benchmarks\bin\Release\net10.0\fcf29fc3-5ade-4df1-9e1c-4d14a826da9d\obj\Release\net10.0/" /p:OutDir="E:\Temporal-V2\VELOCITY-WorkFlow\benchmarks\Velocity.Workflow.Benchmarks\bin\Release\net10.0\fcf29fc3-5ade-4df1-9e1c-4d14a826da9d\bin\Release\net10.0/" /p:OutputPath="E:\Temporal-V2\VELOCITY-WorkFlow\benchmarks\Velocity.Workflow.Benchmarks\bin\Release\net10.0\fcf29fc3-5ade-4df1-9e1c-4d14a826da9d\bin\Release\net10.0/" --output "E:\Temporal-V2\VELOCITY-WorkFlow\benchmarks\Velocity.Workflow.Benchmarks\bin\Release\net10.0\fcf29fc3-5ade-4df1-9e1c-4d14a826da9d\bin\Release\net10.0/" in E:\Temporal-V2\VELOCITY-WorkFlow\benchmarks\Velocity.Workflow.Benchmarks\bin\Release\net10.0\fcf29fc3-5ade-4df1-9e1c-4d14a826da9d
// command took 19.6 sec and exited with 0
// ***** Done, took 00:00:24 (24.63 sec)   *****
// Found 7 benchmarks:
//   StepBreakdownBenchmarks.'Step 1: Slab Creation & Merkle Hash (Rust FFI)': Job-SUMYZB(IterationCount=10, LaunchCount=1, RunStrategy=Throughput, WarmupCount=3)
//   StepBreakdownBenchmarks.'Step 2: Bitmask Step Mark & Transition (Rust FFI)': Job-SUMYZB(IterationCount=10, LaunchCount=1, RunStrategy=Throughput, WarmupCount=3)
//   StepBreakdownBenchmarks.'Step 3: Merkle Root SHA-256 Verification (Rust FFI)': Job-SUMYZB(IterationCount=10, LaunchCount=1, RunStrategy=Throughput, WarmupCount=3)
//   StepBreakdownBenchmarks.'Step 4: NDA Binary Document Proof Verification': Job-SUMYZB(IterationCount=10, LaunchCount=1, RunStrategy=Throughput, WarmupCount=3)
//   StepBreakdownBenchmarks.'Step 5: VCTP Packet Header Construction': Job-SUMYZB(IterationCount=10, LaunchCount=1, RunStrategy=Throughput, WarmupCount=3)
//   StepBreakdownBenchmarks.'Step 6: Tier-2 Bump Arena Payload Allocation': Job-SUMYZB(IterationCount=10, LaunchCount=1, RunStrategy=Throughput, WarmupCount=3)
//   StepBreakdownBenchmarks.'Step 7: O(1) Direct Memory Pointer Resumption': Job-SUMYZB(IterationCount=10, LaunchCount=1, RunStrategy=Throughput, WarmupCount=3)

Setup power plan (GUID: 8c5e7fda-e8bf-4a96-9a85-a6e23a8c635c FriendlyName: High performance)
// **************************
// Benchmark: StepBreakdownBenchmarks.'Step 1: Slab Creation & Merkle Hash (Rust FFI)': Job-SUMYZB(IterationCount=10, LaunchCount=1, RunStrategy=Throughput, WarmupCount=3)
// *** Execute ***
// Launch: 1 / 1
// Execute: dotnet fcf29fc3-5ade-4df1-9e1c-4d14a826da9d.dll --anonymousPipes 1256 1252 --benchmarkName Velocity.Workflow.Benchmarks.StepBreakdownBenchmarks.Step1_Slab_Create_And_Merkle_Hash --job "IterationCount=10, LaunchCount=1, RunStrategy=Throughput, WarmupCount=3" --benchmarkId 0 in E:\Temporal-V2\VELOCITY-WorkFlow\benchmarks\Velocity.Workflow.Benchmarks\bin\Release\net10.0\fcf29fc3-5ade-4df1-9e1c-4d14a826da9d\bin\Release\net10.0
// BeforeAnythingElse

// Benchmark Process Environment Information:
// BenchmarkDotNet v0.14.0
// Runtime=.NET 10.0.5 (10.0.526.15411), X64 RyuJIT AVX2
// GC=Concurrent Workstation
// HardwareIntrinsics=AVX2,AES,BMI1,BMI2,FMA,LZCNT,PCLMUL,POPCNT VectorSize=256
// Job: Job-XZOXAZ(IterationCount=10, LaunchCount=1, RunStrategy=Throughput, WarmupCount=3)

OverheadJitting  1: 1 op, 925200.00 ns, 925.2000 us/op

System.Reflection.TargetInvocationException: Exception has been thrown by the target of an invocation.
 ---> System.DllNotFoundException: Unable to load DLL 'velocity_workflow_core' or one of its dependencies: The specified module could not be found. (0x8007007E)
   at Velocity.Workflow.Core.NativeBridge.VelocitySlabCreate(UInt64 workflowId, UInt64 runId, UInt32 totalSteps, DurableSlabHeader* outHeader)
   at Velocity.Workflow.Core.NativeBridge.VelocitySlabCreate(UInt64 workflowId, UInt64 runId, UInt32 totalSteps, DurableSlabHeader* outHeader)
   at Velocity.Workflow.Benchmarks.StepBreakdownBenchmarks.Step1_Slab_Create_And_Merkle_Hash() in E:\Temporal-V2\VELOCITY-WorkFlow\benchmarks\Velocity.Workflow.Benchmarks\StepBreakdownBenchmarks.cs:line 66
   at BenchmarkDotNet.Autogenerated.Runnable_0.WorkloadActionNoUnroll(Int64 invokeCount) in E:\Temporal-V2\VELOCITY-WorkFlow\benchmarks\Velocity.Workflow.Benchmarks\bin\Release\net10.0\fcf29fc3-5ade-4df1-9e1c-4d14a826da9d\fcf29fc3-5ade-4df1-9e1c-4d14a826da9d.notcs:line 316
   at BenchmarkDotNet.Engines.Engine.Measure(Action`1 action, Int64 invokeCount)
   at BenchmarkDotNet.Engines.Engine.RunIteration(IterationData data)
   at BenchmarkDotNet.Engines.EngineFactory.Jit(Engine engine, Int32 jitIndex, Int32 invokeCount, Int32 unrollFactor)
   at BenchmarkDotNet.Engines.EngineFactory.CreateReadyToRun(EngineParameters engineParameters)
   at BenchmarkDotNet.Autogenerated.Runnable_0.Run(IHost host, String benchmarkName) in E:\Temporal-V2\VELOCITY-WorkFlow\benchmarks\Velocity.Workflow.Benchmarks\bin\Release\net10.0\fcf29fc3-5ade-4df1-9e1c-4d14a826da9d\fcf29fc3-5ade-4df1-9e1c-4d14a826da9d.notcs:line 179
   at System.Reflection.MethodBaseInvoker.InterpretedInvoke_Method(Object obj, IntPtr* args)
   at System.Reflection.MethodBaseInvoker.InvokeDirectByRefWithFewArgs(Object obj, Span`1 copyOfArgs, BindingFlags invokeAttr)
   --- End of inner exception stack trace ---
   at System.Reflection.MethodBaseInvoker.InvokeDirectByRefWithFewArgs(Object obj, Span`1 copyOfArgs, BindingFlags invokeAttr)
   at System.Reflection.MethodBaseInvoker.InvokeWithFewArgs(Object obj, BindingFlags invokeAttr, Binder binder, Object[] parameters, CultureInfo culture)
   at System.Reflection.RuntimeMethodInfo.Invoke(Object obj, BindingFlags invokeAttr, Binder binder, Object[] parameters, CultureInfo culture)
   at System.Reflection.MethodBase.Invoke(Object obj, Object[] parameters)
   at BenchmarkDotNet.Autogenerated.UniqueProgramName.AfterAssemblyLoadingAttached(String[] args) in E:\Temporal-V2\VELOCITY-WorkFlow\benchmarks\Velocity.Workflow.Benchmarks\bin\Release\net10.0\fcf29fc3-5ade-4df1-9e1c-4d14a826da9d\fcf29fc3-5ade-4df1-9e1c-4d14a826da9d.notcs:line 57
// AfterAll
No Workload Results were obtained from the run.
// Benchmark Process 20584 has exited with code -1.

// ** Remained 6 (85.7%) benchmark(s) to run. Estimated finish 2026-08-06 14:20 (0h 0m from now) **
Setup power plan (GUID: 8c5e7fda-e8bf-4a96-9a85-a6e23a8c635c FriendlyName: High performance)
// **************************
// Benchmark: StepBreakdownBenchmarks.'Step 2: Bitmask Step Mark & Transition (Rust FFI)': Job-SUMYZB(IterationCount=10, LaunchCount=1, RunStrategy=Throughput, WarmupCount=3)
// *** Execute ***
// Launch: 1 / 1
// Execute: dotnet fcf29fc3-5ade-4df1-9e1c-4d14a826da9d.dll --anonymousPipes 1204 1272 --benchmarkName Velocity.Workflow.Benchmarks.StepBreakdownBenchmarks.Step2_Bitmask_Step_Mark --job "IterationCount=10, LaunchCount=1, RunStrategy=Throughput, WarmupCount=3" --benchmarkId 1 in E:\Temporal-V2\VELOCITY-WorkFlow\benchmarks\Velocity.Workflow.Benchmarks\bin\Release\net10.0\fcf29fc3-5ade-4df1-9e1c-4d14a826da9d\bin\Release\net10.0
// BeforeAnythingElse

// Benchmark Process Environment Information:
// BenchmarkDotNet v0.14.0
// Runtime=.NET 10.0.5 (10.0.526.15411), X64 RyuJIT AVX2
// GC=Concurrent Workstation
// HardwareIntrinsics=AVX2,AES,BMI1,BMI2,FMA,LZCNT,PCLMUL,POPCNT VectorSize=256
// Job: Job-JIJWIB(IterationCount=10, LaunchCount=1, RunStrategy=Throughput, WarmupCount=3)

OverheadJitting  1: 1 op, 546400.00 ns, 546.4000 us/op

System.Reflection.TargetInvocationException: Exception has been thrown by the target of an invocation.
 ---> System.DllNotFoundException: Unable to load DLL 'velocity_workflow_core' or one of its dependencies: The specified module could not be found. (0x8007007E)
   at Velocity.Workflow.Core.NativeBridge.VelocitySlabMarkStep(DurableSlabHeader* header, UInt32 stepIndex)
   at Velocity.Workflow.Core.NativeBridge.VelocitySlabMarkStep(DurableSlabHeader* header, UInt32 stepIndex)
   at Velocity.Workflow.Benchmarks.StepBreakdownBenchmarks.Step2_Bitmask_Step_Mark() in E:\Temporal-V2\VELOCITY-WorkFlow\benchmarks\Velocity.Workflow.Benchmarks\StepBreakdownBenchmarks.cs:line 73
   at BenchmarkDotNet.Autogenerated.Runnable_1.WorkloadActionNoUnroll(Int64 invokeCount) in E:\Temporal-V2\VELOCITY-WorkFlow\benchmarks\Velocity.Workflow.Benchmarks\bin\Release\net10.0\fcf29fc3-5ade-4df1-9e1c-4d14a826da9d\fcf29fc3-5ade-4df1-9e1c-4d14a826da9d.notcs:line 516
   at BenchmarkDotNet.Engines.Engine.Measure(Action`1 action, Int64 invokeCount)
   at BenchmarkDotNet.Engines.Engine.RunIteration(IterationData data)
   at BenchmarkDotNet.Engines.EngineFactory.Jit(Engine engine, Int32 jitIndex, Int32 invokeCount, Int32 unrollFactor)
   at BenchmarkDotNet.Engines.EngineFactory.CreateReadyToRun(EngineParameters engineParameters)
   at BenchmarkDotNet.Autogenerated.Runnable_1.Run(IHost host, String benchmarkName) in E:\Temporal-V2\VELOCITY-WorkFlow\benchmarks\Velocity.Workflow.Benchmarks\bin\Release\net10.0\fcf29fc3-5ade-4df1-9e1c-4d14a826da9d\fcf29fc3-5ade-4df1-9e1c-4d14a826da9d.notcs:line 379
   at System.Reflection.MethodBaseInvoker.InterpretedInvoke_Method(Object obj, IntPtr* args)
   at System.Reflection.MethodBaseInvoker.InvokeDirectByRefWithFewArgs(Object obj, Span`1 copyOfArgs, BindingFlags invokeAttr)
   --- End of inner exception stack trace ---
   at System.Reflection.MethodBaseInvoker.InvokeDirectByRefWithFewArgs(Object obj, Span`1 copyOfArgs, BindingFlags invokeAttr)
   at System.Reflection.MethodBaseInvoker.InvokeWithFewArgs(Object obj, BindingFlags invokeAttr, Binder binder, Object[] parameters, CultureInfo culture)
   at System.Reflection.RuntimeMethodInfo.Invoke(Object obj, BindingFlags invokeAttr, Binder binder, Object[] parameters, CultureInfo culture)
   at System.Reflection.MethodBase.Invoke(Object obj, Object[] parameters)
   at BenchmarkDotNet.Autogenerated.UniqueProgramName.AfterAssemblyLoadingAttached(String[] args) in E:\Temporal-V2\VELOCITY-WorkFlow\benchmarks\Velocity.Workflow.Benchmarks\bin\Release\net10.0\fcf29fc3-5ade-4df1-9e1c-4d14a826da9d\fcf29fc3-5ade-4df1-9e1c-4d14a826da9d.notcs:line 57
// AfterAll
No Workload Results were obtained from the run.
// Benchmark Process 19408 has exited with code -1.

// ** Remained 5 (71.4%) benchmark(s) to run. Estimated finish 2026-08-06 14:20 (0h 0m from now) **
Setup power plan (GUID: 8c5e7fda-e8bf-4a96-9a85-a6e23a8c635c FriendlyName: High performance)
// **************************
// Benchmark: StepBreakdownBenchmarks.'Step 3: Merkle Root SHA-256 Verification (Rust FFI)': Job-SUMYZB(IterationCount=10, LaunchCount=1, RunStrategy=Throughput, WarmupCount=3)
// *** Execute ***
// Launch: 1 / 1
// Execute: dotnet fcf29fc3-5ade-4df1-9e1c-4d14a826da9d.dll --anonymousPipes 1248 1296 --benchmarkName Velocity.Workflow.Benchmarks.StepBreakdownBenchmarks.Step3_Merkle_Root_Verification --job "IterationCount=10, LaunchCount=1, RunStrategy=Throughput, WarmupCount=3" --benchmarkId 2 in E:\Temporal-V2\VELOCITY-WorkFlow\benchmarks\Velocity.Workflow.Benchmarks\bin\Release\net10.0\fcf29fc3-5ade-4df1-9e1c-4d14a826da9d\bin\Release\net10.0
// BeforeAnythingElse

// Benchmark Process Environment Information:
// BenchmarkDotNet v0.14.0
// Runtime=.NET 10.0.5 (10.0.526.15411), X64 RyuJIT AVX2
// GC=Concurrent Workstation
// HardwareIntrinsics=AVX2,AES,BMI1,BMI2,FMA,LZCNT,PCLMUL,POPCNT VectorSize=256
// Job: Job-AOTMJJ(IterationCount=10, LaunchCount=1, RunStrategy=Throughput, WarmupCount=3)

OverheadJitting  1: 1 op, 628400.00 ns, 628.4000 us/op

System.Reflection.TargetInvocationException: Exception has been thrown by the target of an invocation.
 ---> System.DllNotFoundException: Unable to load DLL 'velocity_workflow_core' or one of its dependencies: The specified module could not be found. (0x8007007E)
   at Velocity.Workflow.Core.NativeBridge.VelocitySlabVerify(DurableSlabHeader* header)
   at Velocity.Workflow.Core.NativeBridge.VelocitySlabVerify(DurableSlabHeader* header)
   at Velocity.Workflow.Benchmarks.StepBreakdownBenchmarks.Step3_Merkle_Root_Verification() in E:\Temporal-V2\VELOCITY-WorkFlow\benchmarks\Velocity.Workflow.Benchmarks\StepBreakdownBenchmarks.cs:line 82
   at BenchmarkDotNet.Autogenerated.Runnable_2.WorkloadActionNoUnroll(Int64 invokeCount) in E:\Temporal-V2\VELOCITY-WorkFlow\benchmarks\Velocity.Workflow.Benchmarks\bin\Release\net10.0\fcf29fc3-5ade-4df1-9e1c-4d14a826da9d\fcf29fc3-5ade-4df1-9e1c-4d14a826da9d.notcs:line 716
   at BenchmarkDotNet.Engines.Engine.Measure(Action`1 action, Int64 invokeCount)
   at BenchmarkDotNet.Engines.Engine.RunIteration(IterationData data)
   at BenchmarkDotNet.Engines.EngineFactory.Jit(Engine engine, Int32 jitIndex, Int32 invokeCount, Int32 unrollFactor)
   at BenchmarkDotNet.Engines.EngineFactory.CreateReadyToRun(EngineParameters engineParameters)
   at BenchmarkDotNet.Autogenerated.Runnable_2.Run(IHost host, String benchmarkName) in E:\Temporal-V2\VELOCITY-WorkFlow\benchmarks\Velocity.Workflow.Benchmarks\bin\Release\net10.0\fcf29fc3-5ade-4df1-9e1c-4d14a826da9d\fcf29fc3-5ade-4df1-9e1c-4d14a826da9d.notcs:line 579
   at System.Reflection.MethodBaseInvoker.InterpretedInvoke_Method(Object obj, IntPtr* args)
   at System.Reflection.MethodBaseInvoker.InvokeDirectByRefWithFewArgs(Object obj, Span`1 copyOfArgs, BindingFlags invokeAttr)
   --- End of inner exception stack trace ---
   at System.Reflection.MethodBaseInvoker.InvokeDirectByRefWithFewArgs(Object obj, Span`1 copyOfArgs, BindingFlags invokeAttr)
   at System.Reflection.MethodBaseInvoker.InvokeWithFewArgs(Object obj, BindingFlags invokeAttr, Binder binder, Object[] parameters, CultureInfo culture)
   at System.Reflection.RuntimeMethodInfo.Invoke(Object obj, BindingFlags invokeAttr, Binder binder, Object[] parameters, CultureInfo culture)
   at System.Reflection.MethodBase.Invoke(Object obj, Object[] parameters)
   at BenchmarkDotNet.Autogenerated.UniqueProgramName.AfterAssemblyLoadingAttached(String[] args) in E:\Temporal-V2\VELOCITY-WorkFlow\benchmarks\Velocity.Workflow.Benchmarks\bin\Release\net10.0\fcf29fc3-5ade-4df1-9e1c-4d14a826da9d\fcf29fc3-5ade-4df1-9e1c-4d14a826da9d.notcs:line 57
// AfterAll
No Workload Results were obtained from the run.
// Benchmark Process 8172 has exited with code -1.

// ** Remained 4 (57.1%) benchmark(s) to run. Estimated finish 2026-08-06 14:20 (0h 0m from now) **
Setup power plan (GUID: 8c5e7fda-e8bf-4a96-9a85-a6e23a8c635c FriendlyName: High performance)
// **************************
// Benchmark: StepBreakdownBenchmarks.'Step 4: NDA Binary Document Proof Verification': Job-SUMYZB(IterationCount=10, LaunchCount=1, RunStrategy=Throughput, WarmupCount=3)
// *** Execute ***
// Launch: 1 / 1
// Execute: dotnet fcf29fc3-5ade-4df1-9e1c-4d14a826da9d.dll --anonymousPipes 1328 1064 --benchmarkName Velocity.Workflow.Benchmarks.StepBreakdownBenchmarks.Step4_Nda_Binary_Document_Verification --job "IterationCount=10, LaunchCount=1, RunStrategy=Throughput, WarmupCount=3" --benchmarkId 3 in E:\Temporal-V2\VELOCITY-WorkFlow\benchmarks\Velocity.Workflow.Benchmarks\bin\Release\net10.0\fcf29fc3-5ade-4df1-9e1c-4d14a826da9d\bin\Release\net10.0
// BeforeAnythingElse

// Benchmark Process Environment Information:
// BenchmarkDotNet v0.14.0
// Runtime=.NET 10.0.5 (10.0.526.15411), X64 RyuJIT AVX2
// GC=Concurrent Workstation
// HardwareIntrinsics=AVX2,AES,BMI1,BMI2,FMA,LZCNT,PCLMUL,POPCNT VectorSize=256
// Job: Job-IOQVVV(IterationCount=10, LaunchCount=1, RunStrategy=Throughput, WarmupCount=3)

OverheadJitting  1: 1 op, 736000.00 ns, 736.0000 us/op

System.Reflection.TargetInvocationException: Exception has been thrown by the target of an invocation.
 ---> System.DllNotFoundException: Unable to load DLL 'velocity_workflow_core' or one of its dependencies: The specified module could not be found. (0x8007007E)
   at Velocity.Workflow.Core.NativeBridge.VelocityNdaVerify(NdaHeader* header)
   at Velocity.Workflow.Core.NativeBridge.VelocityNdaVerify(NdaHeader* header)
   at Velocity.Workflow.Benchmarks.StepBreakdownBenchmarks.Step4_Nda_Binary_Document_Verification() in E:\Temporal-V2\VELOCITY-WorkFlow\benchmarks\Velocity.Workflow.Benchmarks\StepBreakdownBenchmarks.cs:line 91
   at BenchmarkDotNet.Autogenerated.Runnable_3.WorkloadActionNoUnroll(Int64 invokeCount) in E:\Temporal-V2\VELOCITY-WorkFlow\benchmarks\Velocity.Workflow.Benchmarks\bin\Release\net10.0\fcf29fc3-5ade-4df1-9e1c-4d14a826da9d\fcf29fc3-5ade-4df1-9e1c-4d14a826da9d.notcs:line 916
   at BenchmarkDotNet.Engines.Engine.Measure(Action`1 action, Int64 invokeCount)
   at BenchmarkDotNet.Engines.Engine.RunIteration(IterationData data)
   at BenchmarkDotNet.Engines.EngineFactory.Jit(Engine engine, Int32 jitIndex, Int32 invokeCount, Int32 unrollFactor)
   at BenchmarkDotNet.Engines.EngineFactory.CreateReadyToRun(EngineParameters engineParameters)
   at BenchmarkDotNet.Autogenerated.Runnable_3.Run(IHost host, String benchmarkName) in E:\Temporal-V2\VELOCITY-WorkFlow\benchmarks\Velocity.Workflow.Benchmarks\bin\Release\net10.0\fcf29fc3-5ade-4df1-9e1c-4d14a826da9d\fcf29fc3-5ade-4df1-9e1c-4d14a826da9d.notcs:line 779
   at System.Reflection.MethodBaseInvoker.InterpretedInvoke_Method(Object obj, IntPtr* args)
   at System.Reflection.MethodBaseInvoker.InvokeDirectByRefWithFewArgs(Object obj, Span`1 copyOfArgs, BindingFlags invokeAttr)
   --- End of inner exception stack trace ---
   at System.Reflection.MethodBaseInvoker.InvokeDirectByRefWithFewArgs(Object obj, Span`1 copyOfArgs, BindingFlags invokeAttr)
   at System.Reflection.MethodBaseInvoker.InvokeWithFewArgs(Object obj, BindingFlags invokeAttr, Binder binder, Object[] parameters, CultureInfo culture)
   at System.Reflection.RuntimeMethodInfo.Invoke(Object obj, BindingFlags invokeAttr, Binder binder, Object[] parameters, CultureInfo culture)
   at System.Reflection.MethodBase.Invoke(Object obj, Object[] parameters)
   at BenchmarkDotNet.Autogenerated.UniqueProgramName.AfterAssemblyLoadingAttached(String[] args) in E:\Temporal-V2\VELOCITY-WorkFlow\benchmarks\Velocity.Workflow.Benchmarks\bin\Release\net10.0\fcf29fc3-5ade-4df1-9e1c-4d14a826da9d\fcf29fc3-5ade-4df1-9e1c-4d14a826da9d.notcs:line 57
// AfterAll
No Workload Results were obtained from the run.
// Benchmark Process 5760 has exited with code -1.

// ** Remained 3 (42.9%) benchmark(s) to run. Estimated finish 2026-08-06 14:20 (0h 0m from now) **
Setup power plan (GUID: 8c5e7fda-e8bf-4a96-9a85-a6e23a8c635c FriendlyName: High performance)
// **************************
// Benchmark: StepBreakdownBenchmarks.'Step 5: VCTP Packet Header Construction': Job-SUMYZB(IterationCount=10, LaunchCount=1, RunStrategy=Throughput, WarmupCount=3)
// *** Execute ***
// Launch: 1 / 1
// Execute: dotnet fcf29fc3-5ade-4df1-9e1c-4d14a826da9d.dll --anonymousPipes 1360 1340 --benchmarkName Velocity.Workflow.Benchmarks.StepBreakdownBenchmarks.Step5_Vctp_Packet_Construction --job "IterationCount=10, LaunchCount=1, RunStrategy=Throughput, WarmupCount=3" --benchmarkId 4 in E:\Temporal-V2\VELOCITY-WorkFlow\benchmarks\Velocity.Workflow.Benchmarks\bin\Release\net10.0\fcf29fc3-5ade-4df1-9e1c-4d14a826da9d\bin\Release\net10.0
// BeforeAnythingElse

// Benchmark Process Environment Information:
// BenchmarkDotNet v0.14.0
// Runtime=.NET 10.0.5 (10.0.526.15411), X64 RyuJIT AVX2
// GC=Concurrent Workstation
// HardwareIntrinsics=AVX2,AES,BMI1,BMI2,FMA,LZCNT,PCLMUL,POPCNT VectorSize=256
// Job: Job-ZSWZVO(IterationCount=10, LaunchCount=1, RunStrategy=Throughput, WarmupCount=3)

OverheadJitting  1: 1 op, 881500.00 ns, 881.5000 us/op

System.Reflection.TargetInvocationException: Exception has been thrown by the target of an invocation.
 ---> System.DllNotFoundException: Unable to load DLL 'velocity_workflow_core' or one of its dependencies: The specified module could not be found. (0x8007007E)
   at Velocity.Workflow.Core.NativeBridge.VelocityVctpPacketCreate(UInt64 sequenceNumber, UInt64 workflowId, UInt32 slabOffset, UInt32 payloadLength, VctpPacketHeader* outHeader)
   at Velocity.Workflow.Core.NativeBridge.VelocityVctpPacketCreate(UInt64 sequenceNumber, UInt64 workflowId, UInt32 slabOffset, UInt32 payloadLength, VctpPacketHeader* outHeader)
   at Velocity.Workflow.Benchmarks.StepBreakdownBenchmarks.Step5_Vctp_Packet_Construction() in E:\Temporal-V2\VELOCITY-WorkFlow\benchmarks\Velocity.Workflow.Benchmarks\StepBreakdownBenchmarks.cs:line 102
   at BenchmarkDotNet.Autogenerated.Runnable_4.WorkloadActionNoUnroll(Int64 invokeCount) in E:\Temporal-V2\VELOCITY-WorkFlow\benchmarks\Velocity.Workflow.Benchmarks\bin\Release\net10.0\fcf29fc3-5ade-4df1-9e1c-4d14a826da9d\fcf29fc3-5ade-4df1-9e1c-4d14a826da9d.notcs:line 1116
   at BenchmarkDotNet.Engines.Engine.Measure(Action`1 action, Int64 invokeCount)
   at BenchmarkDotNet.Engines.Engine.RunIteration(IterationData data)
   at BenchmarkDotNet.Engines.EngineFactory.Jit(Engine engine, Int32 jitIndex, Int32 invokeCount, Int32 unrollFactor)
   at BenchmarkDotNet.Engines.EngineFactory.CreateReadyToRun(EngineParameters engineParameters)
   at BenchmarkDotNet.Autogenerated.Runnable_4.Run(IHost host, String benchmarkName) in E:\Temporal-V2\VELOCITY-WorkFlow\benchmarks\Velocity.Workflow.Benchmarks\bin\Release\net10.0\fcf29fc3-5ade-4df1-9e1c-4d14a826da9d\fcf29fc3-5ade-4df1-9e1c-4d14a826da9d.notcs:line 979
   at System.Reflection.MethodBaseInvoker.InterpretedInvoke_Method(Object obj, IntPtr* args)
   at System.Reflection.MethodBaseInvoker.InvokeDirectByRefWithFewArgs(Object obj, Span`1 copyOfArgs, BindingFlags invokeAttr)
   --- End of inner exception stack trace ---
   at System.Reflection.MethodBaseInvoker.InvokeDirectByRefWithFewArgs(Object obj, Span`1 copyOfArgs, BindingFlags invokeAttr)
   at System.Reflection.MethodBaseInvoker.InvokeWithFewArgs(Object obj, BindingFlags invokeAttr, Binder binder, Object[] parameters, CultureInfo culture)
   at System.Reflection.RuntimeMethodInfo.Invoke(Object obj, BindingFlags invokeAttr, Binder binder, Object[] parameters, CultureInfo culture)
   at System.Reflection.MethodBase.Invoke(Object obj, Object[] parameters)
   at BenchmarkDotNet.Autogenerated.UniqueProgramName.AfterAssemblyLoadingAttached(String[] args) in E:\Temporal-V2\VELOCITY-WorkFlow\benchmarks\Velocity.Workflow.Benchmarks\bin\Release\net10.0\fcf29fc3-5ade-4df1-9e1c-4d14a826da9d\fcf29fc3-5ade-4df1-9e1c-4d14a826da9d.notcs:line 57
// AfterAll
No Workload Results were obtained from the run.
// Benchmark Process 9152 has exited with code -1.

// ** Remained 2 (28.6%) benchmark(s) to run. Estimated finish 2026-08-06 14:20 (0h 0m from now) **
Setup power plan (GUID: 8c5e7fda-e8bf-4a96-9a85-a6e23a8c635c FriendlyName: High performance)
// **************************
// Benchmark: StepBreakdownBenchmarks.'Step 6: Tier-2 Bump Arena Payload Allocation': Job-SUMYZB(IterationCount=10, LaunchCount=1, RunStrategy=Throughput, WarmupCount=3)
// *** Execute ***
// Launch: 1 / 1
// Execute: dotnet fcf29fc3-5ade-4df1-9e1c-4d14a826da9d.dll --anonymousPipes 1360 1340 --benchmarkName Velocity.Workflow.Benchmarks.StepBreakdownBenchmarks.Step6_Tier2_Bump_Arena_Alloc --job "IterationCount=10, LaunchCount=1, RunStrategy=Throughput, WarmupCount=3" --benchmarkId 5 in E:\Temporal-V2\VELOCITY-WorkFlow\benchmarks\Velocity.Workflow.Benchmarks\bin\Release\net10.0\fcf29fc3-5ade-4df1-9e1c-4d14a826da9d\bin\Release\net10.0
// BeforeAnythingElse

// Benchmark Process Environment Information:
// BenchmarkDotNet v0.14.0
// Runtime=.NET 10.0.5 (10.0.526.15411), X64 RyuJIT AVX2
// GC=Concurrent Workstation
// HardwareIntrinsics=AVX2,AES,BMI1,BMI2,FMA,LZCNT,PCLMUL,POPCNT VectorSize=256
// Job: Job-YEFNCH(IterationCount=10, LaunchCount=1, RunStrategy=Throughput, WarmupCount=3)

OverheadJitting  1: 1 op, 964800.00 ns, 964.8000 us/op

System.Reflection.TargetInvocationException: Exception has been thrown by the target of an invocation.
 ---> System.DllNotFoundException: Unable to load DLL 'velocity_workflow_core' or one of its dependencies: The specified module could not be found. (0x8007007E)
   at Velocity.Workflow.Core.NativeBridge.VelocityArenaAlloc(Void* arenaPage, Byte* payloadPtr, UIntPtr payloadLen, UIntPtr* outOffset)
   at Velocity.Workflow.Core.NativeBridge.VelocityArenaAlloc(Void* arenaPage, Byte* payloadPtr, UIntPtr payloadLen, UIntPtr* outOffset)
   at Velocity.Workflow.Benchmarks.StepBreakdownBenchmarks.Step6_Tier2_Bump_Arena_Alloc() in E:\Temporal-V2\VELOCITY-WorkFlow\benchmarks\Velocity.Workflow.Benchmarks\StepBreakdownBenchmarks.cs:line 112
   at BenchmarkDotNet.Autogenerated.Runnable_5.WorkloadActionNoUnroll(Int64 invokeCount) in E:\Temporal-V2\VELOCITY-WorkFlow\benchmarks\Velocity.Workflow.Benchmarks\bin\Release\net10.0\fcf29fc3-5ade-4df1-9e1c-4d14a826da9d\fcf29fc3-5ade-4df1-9e1c-4d14a826da9d.notcs:line 1316
   at BenchmarkDotNet.Engines.Engine.Measure(Action`1 action, Int64 invokeCount)
   at BenchmarkDotNet.Engines.Engine.RunIteration(IterationData data)
   at BenchmarkDotNet.Engines.EngineFactory.Jit(Engine engine, Int32 jitIndex, Int32 invokeCount, Int32 unrollFactor)
   at BenchmarkDotNet.Engines.EngineFactory.CreateReadyToRun(EngineParameters engineParameters)
   at BenchmarkDotNet.Autogenerated.Runnable_5.Run(IHost host, String benchmarkName) in E:\Temporal-V2\VELOCITY-WorkFlow\benchmarks\Velocity.Workflow.Benchmarks\bin\Release\net10.0\fcf29fc3-5ade-4df1-9e1c-4d14a826da9d\fcf29fc3-5ade-4df1-9e1c-4d14a826da9d.notcs:line 1179
   at System.Reflection.MethodBaseInvoker.InterpretedInvoke_Method(Object obj, IntPtr* args)
   at System.Reflection.MethodBaseInvoker.InvokeDirectByRefWithFewArgs(Object obj, Span`1 copyOfArgs, BindingFlags invokeAttr)
   --- End of inner exception stack trace ---
   at System.Reflection.MethodBaseInvoker.InvokeDirectByRefWithFewArgs(Object obj, Span`1 copyOfArgs, BindingFlags invokeAttr)
   at System.Reflection.MethodBaseInvoker.InvokeWithFewArgs(Object obj, BindingFlags invokeAttr, Binder binder, Object[] parameters, CultureInfo culture)
   at System.Reflection.RuntimeMethodInfo.Invoke(Object obj, BindingFlags invokeAttr, Binder binder, Object[] parameters, CultureInfo culture)
   at System.Reflection.MethodBase.Invoke(Object obj, Object[] parameters)
   at BenchmarkDotNet.Autogenerated.UniqueProgramName.AfterAssemblyLoadingAttached(String[] args) in E:\Temporal-V2\VELOCITY-WorkFlow\benchmarks\Velocity.Workflow.Benchmarks\bin\Release\net10.0\fcf29fc3-5ade-4df1-9e1c-4d14a826da9d\fcf29fc3-5ade-4df1-9e1c-4d14a826da9d.notcs:line 57
// AfterAll
No Workload Results were obtained from the run.
// Benchmark Process 18388 has exited with code -1.

// ** Remained 1 (14.3%) benchmark(s) to run. Estimated finish 2026-08-06 14:20 (0h 0m from now) **
Setup power plan (GUID: 8c5e7fda-e8bf-4a96-9a85-a6e23a8c635c FriendlyName: High performance)
// **************************
// Benchmark: StepBreakdownBenchmarks.'Step 7: O(1) Direct Memory Pointer Resumption': Job-SUMYZB(IterationCount=10, LaunchCount=1, RunStrategy=Throughput, WarmupCount=3)
// *** Execute ***
// Launch: 1 / 1
// Execute: dotnet fcf29fc3-5ade-4df1-9e1c-4d14a826da9d.dll --anonymousPipes 1300 1276 --benchmarkName Velocity.Workflow.Benchmarks.StepBreakdownBenchmarks.Step7_O1_Direct_Memory_Pointer_Resumption --job "IterationCount=10, LaunchCount=1, RunStrategy=Throughput, WarmupCount=3" --benchmarkId 6 in E:\Temporal-V2\VELOCITY-WorkFlow\benchmarks\Velocity.Workflow.Benchmarks\bin\Release\net10.0\fcf29fc3-5ade-4df1-9e1c-4d14a826da9d\bin\Release\net10.0
// BeforeAnythingElse

// Benchmark Process Environment Information:
// BenchmarkDotNet v0.14.0
// Runtime=.NET 10.0.5 (10.0.526.15411), X64 RyuJIT AVX2
// GC=Concurrent Workstation
// HardwareIntrinsics=AVX2,AES,BMI1,BMI2,FMA,LZCNT,PCLMUL,POPCNT VectorSize=256
// Job: Job-VRJSOH(IterationCount=10, LaunchCount=1, RunStrategy=Throughput, WarmupCount=3)

OverheadJitting  1: 1 op, 2331800.00 ns, 2.3318 ms/op
WorkloadJitting  1: 1 op, 664200.00 ns, 664.2000 us/op

OverheadJitting  2: 16 op, 846600.00 ns, 52.9125 us/op
WorkloadJitting  2: 16 op, 1345700.00 ns, 84.1063 us/op

WorkloadPilot    1: 16 op, 1500.00 ns, 93.7500 ns/op
WorkloadPilot    2: 32 op, 1400.00 ns, 43.7500 ns/op
WorkloadPilot    3: 64 op, 2400.00 ns, 37.5000 ns/op
WorkloadPilot    4: 128 op, 2500.00 ns, 19.5313 ns/op
WorkloadPilot    5: 256 op, 4500.00 ns, 17.5781 ns/op
WorkloadPilot    6: 512 op, 6400.00 ns, 12.5000 ns/op
WorkloadPilot    7: 1024 op, 11000.00 ns, 10.7422 ns/op
WorkloadPilot    8: 2048 op, 21700.00 ns, 10.5957 ns/op
WorkloadPilot    9: 4096 op, 32300.00 ns, 7.8857 ns/op
WorkloadPilot   10: 8192 op, 69300.00 ns, 8.4595 ns/op
WorkloadPilot   11: 16384 op, 133400.00 ns, 8.1421 ns/op
WorkloadPilot   12: 32768 op, 202300.00 ns, 6.1737 ns/op
WorkloadPilot   13: 65536 op, 428700.00 ns, 6.5414 ns/op
WorkloadPilot   14: 131072 op, 856600.00 ns, 6.5353 ns/op
WorkloadPilot   15: 262144 op, 1742500.00 ns, 6.6471 ns/op
WorkloadPilot   16: 524288 op, 3661000.00 ns, 6.9828 ns/op
WorkloadPilot   17: 1048576 op, 7972000.00 ns, 7.6027 ns/op
WorkloadPilot   18: 2097152 op, 16629000.00 ns, 7.9293 ns/op
WorkloadPilot   19: 4194304 op, 32956500.00 ns, 7.8574 ns/op
WorkloadPilot   20: 8388608 op, 60884000.00 ns, 7.2579 ns/op
WorkloadPilot   21: 16777216 op, 59435000.00 ns, 3.5426 ns/op
WorkloadPilot   22: 33554432 op, 123873900.00 ns, 3.6917 ns/op
WorkloadPilot   23: 67108864 op, 213148600.00 ns, 3.1762 ns/op
WorkloadPilot   24: 134217728 op, 411128800.00 ns, 3.0631 ns/op
WorkloadPilot   25: 268435456 op, 795980100.00 ns, 2.9653 ns/op

OverheadWarmup   1: 268435456 op, 739976500.00 ns, 2.7566 ns/op
OverheadWarmup   2: 268435456 op, 654029000.00 ns, 2.4364 ns/op
OverheadWarmup   3: 268435456 op, 661656000.00 ns, 2.4649 ns/op
OverheadWarmup   4: 268435456 op, 667975700.00 ns, 2.4884 ns/op
OverheadWarmup   5: 268435456 op, 768617900.00 ns, 2.8633 ns/op
OverheadWarmup   6: 268435456 op, 767459700.00 ns, 2.8590 ns/op
OverheadWarmup   7: 268435456 op, 730981400.00 ns, 2.7231 ns/op
OverheadWarmup   8: 268435456 op, 653832100.00 ns, 2.4357 ns/op
OverheadWarmup   9: 268435456 op, 665840200.00 ns, 2.4804 ns/op
OverheadWarmup  10: 268435456 op, 671293400.00 ns, 2.5008 ns/op

OverheadActual   1: 268435456 op, 649793500.00 ns, 2.4207 ns/op
OverheadActual   2: 268435456 op, 663905600.00 ns, 2.4732 ns/op
OverheadActual   3: 268435456 op, 674045600.00 ns, 2.5110 ns/op
OverheadActual   4: 268435456 op, 693447700.00 ns, 2.5833 ns/op
OverheadActual   5: 268435456 op, 745374600.00 ns, 2.7767 ns/op
OverheadActual   6: 268435456 op, 741539500.00 ns, 2.7624 ns/op
OverheadActual   7: 268435456 op, 723428100.00 ns, 2.6950 ns/op
OverheadActual   8: 268435456 op, 754376500.00 ns, 2.8103 ns/op
OverheadActual   9: 268435456 op, 760467800.00 ns, 2.8330 ns/op
OverheadActual  10: 268435456 op, 743506500.00 ns, 2.7698 ns/op
OverheadActual  11: 268435456 op, 673814100.00 ns, 2.5102 ns/op
OverheadActual  12: 268435456 op, 673445300.00 ns, 2.5088 ns/op
OverheadActual  13: 268435456 op, 674517900.00 ns, 2.5128 ns/op
OverheadActual  14: 268435456 op, 681763700.00 ns, 2.5398 ns/op
OverheadActual  15: 268435456 op, 684624600.00 ns, 2.5504 ns/op
OverheadActual  16: 268435456 op, 751440800.00 ns, 2.7993 ns/op
OverheadActual  17: 268435456 op, 785656100.00 ns, 2.9268 ns/op
OverheadActual  18: 268435456 op, 780324900.00 ns, 2.9069 ns/op
OverheadActual  19: 268435456 op, 651470400.00 ns, 2.4269 ns/op
OverheadActual  20: 268435456 op, 662576400.00 ns, 2.4683 ns/op

WorkloadWarmup   1: 268435456 op, 772479600.00 ns, 2.8777 ns/op
WorkloadWarmup   2: 268435456 op, 713426800.00 ns, 2.6577 ns/op
WorkloadWarmup   3: 268435456 op, 700044400.00 ns, 2.6079 ns/op

// BeforeActualRun
WorkloadActual   1: 268435456 op, 698047800.00 ns, 2.6004 ns/op
WorkloadActual   2: 268435456 op, 848537800.00 ns, 3.1610 ns/op
WorkloadActual   3: 268435456 op, 921597000.00 ns, 3.4332 ns/op
WorkloadActual   4: 268435456 op, 744012700.00 ns, 2.7717 ns/op
WorkloadActual   5: 268435456 op, 678555700.00 ns, 2.5278 ns/op
WorkloadActual   6: 268435456 op, 675078400.00 ns, 2.5149 ns/op
WorkloadActual   7: 268435456 op, 797093400.00 ns, 2.9694 ns/op
WorkloadActual   8: 268435456 op, 836740600.00 ns, 3.1171 ns/op
WorkloadActual   9: 268435456 op, 717008200.00 ns, 2.6711 ns/op
WorkloadActual  10: 268435456 op, 686492800.00 ns, 2.5574 ns/op

// AfterActualRun
WorkloadResult   1: 268435456 op, 9011650.00 ns, 0.0336 ns/op
WorkloadResult   2: 268435456 op, 159501650.00 ns, 0.5942 ns/op
WorkloadResult   3: 268435456 op, 232560850.00 ns, 0.8664 ns/op
WorkloadResult   4: 268435456 op, 54976550.00 ns, 0.2048 ns/op
WorkloadResult   5: 268435456 op, 0.00 ns, 0.0000 ns/op
WorkloadResult   6: 268435456 op, 0.00 ns, 0.0000 ns/op
WorkloadResult   7: 268435456 op, 108057250.00 ns, 0.4025 ns/op
WorkloadResult   8: 268435456 op, 147704450.00 ns, 0.5502 ns/op
WorkloadResult   9: 268435456 op, 27972050.00 ns, 0.1042 ns/op
WorkloadResult  10: 268435456 op, 0.00 ns, 0.0000 ns/op
// GC:  0 0 0 112 268435456
// Threading:  0 0 268435456

// AfterAll
// Benchmark Process 16976 has exited with code 0.

Mean = 0.276 ns, StdErr = 0.098 ns (35.53%), N = 10, StdDev = 0.310 ns
Min = 0.000 ns, Q1 = 0.008 ns, Median = 0.155 ns, Q3 = 0.513 ns, Max = 0.866 ns
IQR = 0.505 ns, LowerFence = -0.749 ns, UpperFence = 1.271 ns
ConfidenceInterval = [-0.193 ns; 0.744 ns] (CI 99.9%), Margin = 0.468 ns (169.86% of Mean)
Skewness = 0.6, Kurtosis = 1.74, MValue = 2

// ** Remained 0 (0.0%) benchmark(s) to run. Estimated finish 2026-08-06 14:21 (0h 0m from now) **
Successfully reverted power plan (GUID: 381b4222-f694-41f0-9685-ff5bb260df2e FriendlyName: Balanced)
// ***** BenchmarkRunner: Finish  *****

// * Export *
  BenchmarkDotNet.Artifacts\results\Velocity.Workflow.Benchmarks.StepBreakdownBenchmarks-report.csv
  BenchmarkDotNet.Artifacts\results\Velocity.Workflow.Benchmarks.StepBreakdownBenchmarks-report-github.md
  BenchmarkDotNet.Artifacts\results\Velocity.Workflow.Benchmarks.StepBreakdownBenchmarks-report.html

// * Detailed results *
StepBreakdownBenchmarks.'Step 1: Slab Creation & Merkle Hash (Rust FFI)': Job-SUMYZB(IterationCount=10, LaunchCount=1, RunStrategy=Throughput, WarmupCount=3)
Runtime = .NET 10.0.5 (10.0.526.15411), X64 RyuJIT AVX2; GC = Concurrent Workstation
There are not any results runs

StepBreakdownBenchmarks.'Step 2: Bitmask Step Mark & Transition (Rust FFI)': Job-SUMYZB(IterationCount=10, LaunchCount=1, RunStrategy=Throughput, WarmupCount=3)
Runtime = .NET 10.0.5 (10.0.526.15411), X64 RyuJIT AVX2; GC = Concurrent Workstation
There are not any results runs

StepBreakdownBenchmarks.'Step 3: Merkle Root SHA-256 Verification (Rust FFI)': Job-SUMYZB(IterationCount=10, LaunchCount=1, RunStrategy=Throughput, WarmupCount=3)
Runtime = .NET 10.0.5 (10.0.526.15411), X64 RyuJIT AVX2; GC = Concurrent Workstation
There are not any results runs

StepBreakdownBenchmarks.'Step 4: NDA Binary Document Proof Verification': Job-SUMYZB(IterationCount=10, LaunchCount=1, RunStrategy=Throughput, WarmupCount=3)
Runtime = .NET 10.0.5 (10.0.526.15411), X64 RyuJIT AVX2; GC = Concurrent Workstation
There are not any results runs

StepBreakdownBenchmarks.'Step 5: VCTP Packet Header Construction': Job-SUMYZB(IterationCount=10, LaunchCount=1, RunStrategy=Throughput, WarmupCount=3)
Runtime = .NET 10.0.5 (10.0.526.15411), X64 RyuJIT AVX2; GC = Concurrent Workstation
There are not any results runs

StepBreakdownBenchmarks.'Step 6: Tier-2 Bump Arena Payload Allocation': Job-SUMYZB(IterationCount=10, LaunchCount=1, RunStrategy=Throughput, WarmupCount=3)
Runtime = .NET 10.0.5 (10.0.526.15411), X64 RyuJIT AVX2; GC = Concurrent Workstation
There are not any results runs

StepBreakdownBenchmarks.'Step 7: O(1) Direct Memory Pointer Resumption': Job-SUMYZB(IterationCount=10, LaunchCount=1, RunStrategy=Throughput, WarmupCount=3)
Runtime = .NET 10.0.5 (10.0.526.15411), X64 RyuJIT AVX2; GC = Concurrent Workstation
Mean = 0.276 ns, StdErr = 0.098 ns (35.53%), N = 10, StdDev = 0.310 ns
Min = 0.000 ns, Q1 = 0.008 ns, Median = 0.155 ns, Q3 = 0.513 ns, Max = 0.866 ns
IQR = 0.505 ns, LowerFence = -0.749 ns, UpperFence = 1.271 ns
ConfidenceInterval = [-0.193 ns; 0.744 ns] (CI 99.9%), Margin = 0.468 ns (169.86% of Mean)
Skewness = 0.6, Kurtosis = 1.74, MValue = 2
-------------------- Histogram --------------------
[-0.086 ns ; 0.291 ns) | @@@@@@
[ 0.291 ns ; 0.687 ns) | @@@
[ 0.687 ns ; 1.055 ns) | @
---------------------------------------------------

// * Summary *

BenchmarkDotNet v0.14.0, Windows 11 (10.0.26200.8875)
Intel Core i7-10510U CPU 1.80GHz, 1 CPU, 8 logical and 4 physical cores
.NET SDK 10.0.201
  [Host]     : .NET 10.0.5 (10.0.526.15411), X64 RyuJIT AVX2
  Job-SUMYZB : .NET 10.0.5 (10.0.526.15411), X64 RyuJIT AVX2

IterationCount=10  LaunchCount=1  RunStrategy=Throughput  
WarmupCount=3  

| Method                                                | Mean      | Error     | StdDev    | Median    | Allocated |
|------------------------------------------------------ |----------:|----------:|----------:|----------:|----------:|
| 'Step 1: Slab Creation & Merkle Hash (Rust FFI)'      |        NA |        NA |        NA |        NA |        NA |
| 'Step 2: Bitmask Step Mark & Transition (Rust FFI)'   |        NA |        NA |        NA |        NA |        NA |
| 'Step 3: Merkle Root SHA-256 Verification (Rust FFI)' |        NA |        NA |        NA |        NA |        NA |
| 'Step 4: NDA Binary Document Proof Verification'      |        NA |        NA |        NA |        NA |        NA |
| 'Step 5: VCTP Packet Header Construction'             |        NA |        NA |        NA |        NA |        NA |
| 'Step 6: Tier-2 Bump Arena Payload Allocation'        |        NA |        NA |        NA |        NA |        NA |
| 'Step 7: O(1) Direct Memory Pointer Resumption'       | 0.2756 ns | 0.4681 ns | 0.3096 ns | 0.1545 ns |         - |

Benchmarks with issues:
  StepBreakdownBenchmarks.'Step 1: Slab Creation & Merkle Hash (Rust FFI)': Job-SUMYZB(IterationCount=10, LaunchCount=1, RunStrategy=Throughput, WarmupCount=3)
  StepBreakdownBenchmarks.'Step 2: Bitmask Step Mark & Transition (Rust FFI)': Job-SUMYZB(IterationCount=10, LaunchCount=1, RunStrategy=Throughput, WarmupCount=3)
  StepBreakdownBenchmarks.'Step 3: Merkle Root SHA-256 Verification (Rust FFI)': Job-SUMYZB(IterationCount=10, LaunchCount=1, RunStrategy=Throughput, WarmupCount=3)
  StepBreakdownBenchmarks.'Step 4: NDA Binary Document Proof Verification': Job-SUMYZB(IterationCount=10, LaunchCount=1, RunStrategy=Throughput, WarmupCount=3)
  StepBreakdownBenchmarks.'Step 5: VCTP Packet Header Construction': Job-SUMYZB(IterationCount=10, LaunchCount=1, RunStrategy=Throughput, WarmupCount=3)
  StepBreakdownBenchmarks.'Step 6: Tier-2 Bump Arena Payload Allocation': Job-SUMYZB(IterationCount=10, LaunchCount=1, RunStrategy=Throughput, WarmupCount=3)

// * Warnings *
ZeroMeasurement
  StepBreakdownBenchmarks.'Step 7: O(1) Direct Memory Pointer Resumption': IterationCount=10, LaunchCount=1, RunStrategy=Throughput, WarmupCount=3 -> The method duration is indistinguishable from the empty method duration
Environment
  Summary -> Detected error exit code from one of the benchmarks. It might be caused by following antivirus software:
        - Windows Defender (windowsdefender://)
Use InProcessEmitToolchain or InProcessNoEmitToolchain to avoid new process creation.


// * Legends *
  Mean      : Arithmetic mean of all measurements
  Error     : Half of 99.9% confidence interval
  StdDev    : Standard deviation of all measurements
  Median    : Value separating the higher half of all measurements (50th percentile)
  Allocated : Allocated memory per single operation (managed only, inclusive, 1KB = 1024B)
  1 ns      : 1 Nanosecond (0.000000001 sec)

// * Diagnostic Output - MemoryDiagnoser *


// ***** BenchmarkRunner: End *****
Run time: 00:00:41 (41.22 sec), executed benchmarks: 7

Global total time: 00:01:06 (66.96 sec), executed benchmarks: 7
// * Artifacts cleanup *
Artifacts cleanup is finished
